17:45:34 **** Incremental Build of configuration Debug for project Clocks ****
make -j20 all 
arm-none-eabi-gcc "../Core/Src/main.c" -mcpu=cortex-m4 -std=gnu11 -g3 -DDEBUG -DUSE_HAL_DRIVER -DSTM32F407xx -c -I../USB_HOST/App -I../USB_HOST/Target -I../Core/Inc -I../Drivers/STM32F4xx_HAL_Driver/Inc -I../Drivers/STM32F4xx_HAL_Driver/Inc/Legacy -I../Middlewares/ST/STM32_USB_Host_Library/Core/Inc -I../Middlewares/ST/STM32_USB_Host_Library/Class/CDC/Inc -I../Drivers/CMSIS/Device/ST/STM32F4xx/Include -I../Drivers/CMSIS/Include -O0 -ffunction-sections -fdata-sections -Wall -fstack-usage -fcyclomatic-complexity -MMD -MP -MF"Core/Src/main.d" -MT"Core/Src/main.o" --specs=nano.specs -mfpu=fpv4-sp-d16 -mfloat-abi=hard -mthumb -o "Core/Src/main.o"
arm-none-eabi-gcc -o "Clocks.elf" @"objects.list"   -mcpu=cortex-m4 -T"C:\Users\Pranav\Desktop\folders\Embedded\HAL\stm32f407 discovery\Clocks\STM32F407VGTX_FLASH.ld" --specs=nosys.specs -Wl,-Map="Clocks.map" -Wl,--gc-sections -static --specs=nano.specs -mfpu=fpv4-sp-d16 -mfloat-abi=hard -mthumb -Wl,--start-group -lc -lm -Wl,--end-group
Finished building target: Clocks.elf
 
arm-none-eabi-size  Clocks.elf 
arm-none-eabi-objdump -h -S Clocks.elf  > "Clocks.list"
   text	   data	    bss	    dec	    hex	filename
  28396	    132	   3932	  32460	   7ecc	Clocks.elf
Finished building: default.size.stdout
 
Finished building: Clocks.list
 

17:45:36 Build Finished. 0 errors, 0 warnings. (took 2s.296ms)

